[COM6 600 rts=True dtr=True] XATO: could not open port 'COM6': FileNotFoundError(2, 'Не удается найти указанный файл.', None, 2)
[COM6 600 rts=False dtr=False] XATO: could not open port 'COM6': FileNotFoundError(2, 'Не удается найти указанный файл.', None, 2)
[COM6 600 rts=True dtr=False] XATO: could not open port 'COM6': FileNotFoundError(2, 'Не удается найти указанный файл.', None, 2)
[COM6 600 rts=False dtr=True] XATO: could not open port 'COM6': FileNotFoundError(2, 'Не удается найти указанный файл.', None, 2)
[COM6 1200 rts=True dtr=True] XATO: could not open port 'COM6': FileNotFoundError(2, 'Не удается найти указанный файл.', None, 2)
[COM6 1200 rts=False dtr=False] XATO: could not open port 'COM6': FileNotFoundError(2, 'Не удается найти указанный файл.', None, 2)
[COM6 1200 rts=True dtr=False] XATO: could not open port 'COM6': FileNotFoundError(2, 'Не удается найти указанный файл.', None, 2)
[COM6 1200 rts=False dtr=True] XATO: could not open port 'COM6': FileNotFoundError(2, 'Не удается найти указанный файл.', None, 2)
[COM6 2400 rts=True dtr=True] XATO: could not open port 'COM6': FileNotFoundError(2, 'Не удается найти указанный файл.', None, 2)
[COM6 2400 rts=False dtr=False] XATO: could not open port 'COM6': FileNotFoundError(2, 'Не удается найти указанный файл.', None, 2)
[COM6 2400 rts=True dtr=False] XATO: could not open port 'COM6': FileNotFoundError(2, 'Не удается найти указанный файл.', None, 2)
[COM6 2400 rts=False dtr=True] XATO: could not open port 'COM6': FileNotFoundError(2, 'Не удается найти указанный файл.', None, 2)
[COM6 4800 rts=True dtr=True] XATO: could not open port 'COM6': FileNotFoundError(2, 'Не удается найти указанный файл.', None, 2)
[COM6 4800 rts=False dtr=False] XATO: could not open port 'COM6': FileNotFoundError(2, 'Не удается найти указанный файл.', None, 2)
[COM6 4800 rts=True dtr=False] XATO: could not open port 'COM6': FileNotFoundError(2, 'Не удается найти указанный файл.', None, 2)
[COM6 4800 rts=False dtr=True] XATO: could not open port 'COM6': FileNotFoundError(2, 'Не удается найти указанный файл.', None, 2)
[COM6 9600 rts=True dtr=True] XATO: could not open port 'COM6': FileNotFoundError(2, 'Не удается найти указанный файл.', None, 2)
[COM6 9600 rts=False dtr=False] XATO: could not open port 'COM6': FileNotFoundError(2, 'Не удается найти указанный файл.', None, 2)
[COM6 9600 rts=True dtr=False] XATO: could not open port 'COM6': FileNotFoundError(2, 'Не удается найти указанный файл.', None, 2)
[COM6 9600 rts=False dtr=True] XATO: could not open port 'COM6': FileNotFoundError(2, 'Не удается найти указанный файл.', None, 2)
[COM7 600 rts=True dtr=True] 0 bayt
[COM7 600 rts=False dtr=False] XATO: Cannot configure port, something went wrong. Original message: PermissionError(13, 'Присоединенное к системе устройство не работает.', None, 31)
[COM7 600 rts=True dtr=False] XATO: Cannot configure port, something went wrong. Original message: PermissionError(13, 'Присоединенное к системе устройство не работает.', None, 31)
[COM7 600 rts=False dtr=True] XATO: Cannot configure port, something went wrong. Original message: PermissionError(13, 'Присоединенное к системе устройство не работает.', None, 31)
[COM7 1200 rts=True dtr=True] 0 bayt
[COM7 1200 rts=False dtr=False] XATO: Cannot configure port, something went wrong. Original message: PermissionError(13, 'Присоединенное к системе устройство не работает.', None, 31)
[COM7 1200 rts=True dtr=False] XATO: Cannot configure port, something went wrong. Original message: PermissionError(13, 'Присоединенное к системе устройство не работает.', None, 31)
[COM7 1200 rts=False dtr=True] XATO: Cannot configure port, something went wrong. Original message: PermissionError(13, 'Присоединенное к системе устройство не работает.', None, 31)
[COM7 2400 rts=True dtr=True] 0 bayt
[COM7 2400 rts=False dtr=False] XATO: Cannot configure port, something went wrong. Original message: PermissionError(13, 'Присоединенное к системе устройство не работает.', None, 31)
[COM7 2400 rts=True dtr=False] XATO: Cannot configure port, something went wrong. Original message: PermissionError(13, 'Присоединенное к системе устройство не работает.', None, 31)
[COM7 2400 rts=False dtr=True] XATO: Cannot configure port, something went wrong. Original message: PermissionError(13, 'Присоединенное к системе устройство не работает.', None, 31)
[COM7 4800 rts=True dtr=True] 0 bayt
[COM7 4800 rts=False dtr=False] XATO: Cannot configure port, something went wrong. Original message: PermissionError(13, 'Присоединенное к системе устройство не работает.', None, 31)
[COM7 4800 rts=True dtr=False] XATO: Cannot configure port, something went wrong. Original message: PermissionError(13, 'Присоединенное к системе устройство не работает.', None, 31)
[COM7 4800 rts=False dtr=True] XATO: Cannot configure port, something went wrong. Original message: PermissionError(13, 'Присоединенное к системе устройство не работает.', None, 31)
[COM7 9600 rts=True dtr=True] 0 bayt
[COM7 9600 rts=False dtr=False] XATO: Cannot configure port, something went wrong. Original message: PermissionError(13, 'Присоединенное к системе устройство не работает.', None, 31)
[COM7 9600 rts=True dtr=False] XATO: Cannot configure port, something went wrong. Original message: PermissionError(13, 'Присоединенное к системе устройство не работает.', None, 31)
[COM7 9600 rts=False dtr=True] XATO: Cannot configure port, something went wrong. Original message: PermissionError(13, 'Присоединенное к системе устройство не работает.', None, 31)
